../Core/Src/garsidelegs_hw_sensors.c:16:6:HAL_I2C_MasterTxCpltCallback	16	static
../Core/Src/garsidelegs_hw_sensors.c:23:6:HAL_I2C_MasterRxCpltCallback	16	static
../Core/Src/garsidelegs_hw_sensors.c:32:6:garsidelegs_hw_sensors_imu_process_interrupt_sample	8	static
../Core/Src/garsidelegs_hw_sensors.c:111:6:HAL_I2C_write_poll	24	static
../Core/Src/garsidelegs_hw_sensors.c:146:6:HAL_I2C_read_poll	40	static
../Core/Src/garsidelegs_hw_sensors.c:233:9:garsidelegs_hw_sensors_imu_init	16	static
../Core/Src/garsidelegs_hw_sensors.c:325:6:garsidelegs_hw_sensors_imu_process_poll_sample	16	static
