../Core/Src/main.c:53:1:__io_putchar	16	static
../Core/Src/main.c:100:5:main	16	static
../Core/Src/main.c:182:6:SystemClock_Config	88	static
../Core/Src/main.c:239:13:MX_I2C1_Init	8	static
../Core/Src/main.c:289:13:MX_I2C2_Init	8	static
../Core/Src/main.c:337:13:MX_SPI1_Init	8	static
../Core/Src/main.c:377:13:MX_USART3_UART_Init	8	static
../Core/Src/main.c:412:13:MX_USB_OTG_FS_PCD_Init	8	static
../Core/Src/main.c:448:13:MX_GPIO_Init	56	static
../Core/Src/main.c:507:6:Error_Handler	4	static,ignoring_inline_asm
