../Core/Src/stm32f7xx_hal_msp.c:63:6:HAL_MspInit	8	static
../Core/Src/stm32f7xx_hal_msp.c:86:6:HAL_I2C_MspInit	184	static
../Core/Src/stm32f7xx_hal_msp.c:170:6:HAL_I2C_MspDeInit	8	static
../Core/Src/stm32f7xx_hal_msp.c:224:6:HAL_SPI_MspInit	40	static
../Core/Src/stm32f7xx_hal_msp.c:262:6:HAL_SPI_MspDeInit	0	static
../Core/Src/stm32f7xx_hal_msp.c:292:6:HAL_UART_MspInit	168	static
../Core/Src/stm32f7xx_hal_msp.c:340:6:HAL_UART_MspDeInit	0	static
../Core/Src/stm32f7xx_hal_msp.c:369:6:HAL_PCD_MspInit	176	static
../Core/Src/stm32f7xx_hal_msp.c:424:6:HAL_PCD_MspDeInit	0	static
